// Jest Snapshot v1, https://goo.gl/fbAQLP

exports[`NavBar should render without any data defined 1`] = `
ShallowWrapper {
  "length": 1,
  Symbol(enzyme.__root__): [Circular],
  Symbol(enzyme.__unrendered__): <Unknown
    history={
        Object {
            "push": [Function],
          }
    }
/>,
  Symbol(enzyme.__renderer__): Object {
    "batchedUpdates": [Function],
    "getNode": [Function],
    "render": [Function],
    "simulateEvent": [Function],
    "unmount": [Function],
  },
  Symbol(enzyme.__node__): Object {
    "instance": null,
    "key": null,
    "nodeType": "host",
    "props": Object {
      "children": Array [
        <div
          id="title"
>
          <div
                    className="menu-item"
          >
                    Kevin's Youtube-Project
          </div>
</div>,
        <div
          className="home"
>
          <a
                    className="home-click"
                    onClick={[Function]}
          >
                    <div
                              className="menu-item"
                    >
                              Home Page
                    </div>
          </a>
</div>,
        <div
          className="nav-links"
>
          <a
                    href="https://github.com/kvinzheng/youtube-project"
          >
                    <div
                              className="menu-item"
                    >
                              GitHub Code
                    </div>
          </a>
</div>,
      ],
      "id": "navbar",
    },
    "ref": null,
    "rendered": Array [
      Object {
        "instance": null,
        "key": null,
        "nodeType": "host",
        "props": Object {
          "children": <div
            className="menu-item"
>
            Kevin's Youtube-Project
</div>,
          "id": "title",
        },
        "ref": null,
        "rendered": Object {
          "instance": null,
          "key": null,
          "nodeType": "host",
          "props": Object {
            "children": "Kevin's Youtube-Project",
            "className": "menu-item",
          },
          "ref": null,
          "rendered": "Kevin's Youtube-Project",
          "type": "div",
        },
        "type": "div",
      },
      Object {
        "instance": null,
        "key": null,
        "nodeType": "host",
        "props": Object {
          "children": <a
            className="home-click"
            onClick={[Function]}
>
            <div
                        className="menu-item"
            >
                        Home Page
            </div>
</a>,
          "className": "home",
        },
        "ref": null,
        "rendered": Object {
          "instance": null,
          "key": null,
          "nodeType": "host",
          "props": Object {
            "children": <div
              className="menu-item"
>
              Home Page
</div>,
            "className": "home-click",
            "onClick": [Function],
          },
          "ref": null,
          "rendered": Object {
            "instance": null,
            "key": null,
            "nodeType": "host",
            "props": Object {
              "children": "Home Page",
              "className": "menu-item",
            },
            "ref": null,
            "rendered": "Home Page",
            "type": "div",
          },
          "type": "a",
        },
        "type": "div",
      },
      Object {
        "instance": null,
        "key": null,
        "nodeType": "host",
        "props": Object {
          "children": <a
            href="https://github.com/kvinzheng/youtube-project"
>
            <div
                        className="menu-item"
            >
                        GitHub Code
            </div>
</a>,
          "className": "nav-links",
        },
        "ref": null,
        "rendered": Object {
          "instance": null,
          "key": null,
          "nodeType": "host",
          "props": Object {
            "children": <div
              className="menu-item"
>
              GitHub Code
</div>,
            "href": "https://github.com/kvinzheng/youtube-project",
          },
          "ref": null,
          "rendered": Object {
            "instance": null,
            "key": null,
            "nodeType": "host",
            "props": Object {
              "children": "GitHub Code",
              "className": "menu-item",
            },
            "ref": null,
            "rendered": "GitHub Code",
            "type": "div",
          },
          "type": "a",
        },
        "type": "div",
      },
    ],
    "type": "div",
  },
  Symbol(enzyme.__nodes__): Array [
    Object {
      "instance": null,
      "key": null,
      "nodeType": "host",
      "props": Object {
        "children": Array [
          <div
            id="title"
>
            <div
                        className="menu-item"
            >
                        Kevin's Youtube-Project
            </div>
</div>,
          <div
            className="home"
>
            <a
                        className="home-click"
                        onClick={[Function]}
            >
                        <div
                                    className="menu-item"
                        >
                                    Home Page
                        </div>
            </a>
</div>,
          <div
            className="nav-links"
>
            <a
                        href="https://github.com/kvinzheng/youtube-project"
            >
                        <div
                                    className="menu-item"
                        >
                                    GitHub Code
                        </div>
            </a>
</div>,
        ],
        "id": "navbar",
      },
      "ref": null,
      "rendered": Array [
        Object {
          "instance": null,
          "key": null,
          "nodeType": "host",
          "props": Object {
            "children": <div
              className="menu-item"
>
              Kevin's Youtube-Project
</div>,
            "id": "title",
          },
          "ref": null,
          "rendered": Object {
            "instance": null,
            "key": null,
            "nodeType": "host",
            "props": Object {
              "children": "Kevin's Youtube-Project",
              "className": "menu-item",
            },
            "ref": null,
            "rendered": "Kevin's Youtube-Project",
            "type": "div",
          },
          "type": "div",
        },
        Object {
          "instance": null,
          "key": null,
          "nodeType": "host",
          "props": Object {
            "children": <a
              className="home-click"
              onClick={[Function]}
>
              <div
                            className="menu-item"
              >
                            Home Page
              </div>
</a>,
            "className": "home",
          },
          "ref": null,
          "rendered": Object {
            "instance": null,
            "key": null,
            "nodeType": "host",
            "props": Object {
              "children": <div
                className="menu-item"
>
                Home Page
</div>,
              "className": "home-click",
              "onClick": [Function],
            },
            "ref": null,
            "rendered": Object {
              "instance": null,
              "key": null,
              "nodeType": "host",
              "props": Object {
                "children": "Home Page",
                "className": "menu-item",
              },
              "ref": null,
              "rendered": "Home Page",
              "type": "div",
            },
            "type": "a",
          },
          "type": "div",
        },
        Object {
          "instance": null,
          "key": null,
          "nodeType": "host",
          "props": Object {
            "children": <a
              href="https://github.com/kvinzheng/youtube-project"
>
              <div
                            className="menu-item"
              >
                            GitHub Code
              </div>
</a>,
            "className": "nav-links",
          },
          "ref": null,
          "rendered": Object {
            "instance": null,
            "key": null,
            "nodeType": "host",
            "props": Object {
              "children": <div
                className="menu-item"
>
                GitHub Code
</div>,
              "href": "https://github.com/kvinzheng/youtube-project",
            },
            "ref": null,
            "rendered": Object {
              "instance": null,
              "key": null,
              "nodeType": "host",
              "props": Object {
                "children": "GitHub Code",
                "className": "menu-item",
              },
              "ref": null,
              "rendered": "GitHub Code",
              "type": "div",
            },
            "type": "a",
          },
          "type": "div",
        },
      ],
      "type": "div",
    },
  ],
  Symbol(enzyme.__options__): Object {
    "adapter": ReactSixteenAdapter {
      "options": Object {
        "enableComponentDidUpdateOnSetState": true,
      },
    },
  },
}
`;
