// Jest Snapshot v1, https://goo.gl/fbAQLP

exports[`App App.js renders to the page 1`] = `
ShallowWrapper {
  "length": 1,
  Symbol(enzyme.__root__): [Circular],
  Symbol(enzyme.__unrendered__): <App
    store={[Function]}
/>,
  Symbol(enzyme.__renderer__): Object {
    "batchedUpdates": [Function],
    "getNode": [Function],
    "render": [Function],
    "simulateEvent": [Function],
    "unmount": [Function],
  },
  Symbol(enzyme.__node__): Object {
    "instance": null,
    "key": null,
    "nodeType": "class",
    "props": Object {
      "children": <div
        className="App"
>
        <Route
                component={[Function]}
                path="/"
        />
        <Route
                component={[Function]}
                exact={true}
                path="/"
        />
        <Route
                component={[Function]}
                exact={true}
                path="/"
        />
        <Route
                component={[Function]}
                path="/video"
        />
</div>,
    },
    "ref": null,
    "rendered": Object {
      "instance": null,
      "key": null,
      "nodeType": "host",
      "props": Object {
        "children": Array [
          <Route
            component={[Function]}
            path="/"
/>,
          <Route
            component={[Function]}
            exact={true}
            path="/"
/>,
          <Route
            component={[Function]}
            exact={true}
            path="/"
/>,
          <Route
            component={[Function]}
            path="/video"
/>,
        ],
        "className": "App",
      },
      "ref": null,
      "rendered": Array [
        Object {
          "instance": null,
          "key": null,
          "nodeType": "class",
          "props": Object {
            "component": [Function],
            "path": "/",
          },
          "ref": null,
          "rendered": null,
          "type": [Function],
        },
        Object {
          "instance": null,
          "key": null,
          "nodeType": "class",
          "props": Object {
            "component": [Function],
            "exact": true,
            "path": "/",
          },
          "ref": null,
          "rendered": null,
          "type": [Function],
        },
        Object {
          "instance": null,
          "key": null,
          "nodeType": "class",
          "props": Object {
            "component": [Function],
            "exact": true,
            "path": "/",
          },
          "ref": null,
          "rendered": null,
          "type": [Function],
        },
        Object {
          "instance": null,
          "key": null,
          "nodeType": "class",
          "props": Object {
            "component": [Function],
            "path": "/video",
          },
          "ref": null,
          "rendered": null,
          "type": [Function],
        },
      ],
      "type": "div",
    },
    "type": [Function],
  },
  Symbol(enzyme.__nodes__): Array [
    Object {
      "instance": null,
      "key": null,
      "nodeType": "class",
      "props": Object {
        "children": <div
          className="App"
>
          <Route
                    component={[Function]}
                    path="/"
          />
          <Route
                    component={[Function]}
                    exact={true}
                    path="/"
          />
          <Route
                    component={[Function]}
                    exact={true}
                    path="/"
          />
          <Route
                    component={[Function]}
                    path="/video"
          />
</div>,
      },
      "ref": null,
      "rendered": Object {
        "instance": null,
        "key": null,
        "nodeType": "host",
        "props": Object {
          "children": Array [
            <Route
              component={[Function]}
              path="/"
/>,
            <Route
              component={[Function]}
              exact={true}
              path="/"
/>,
            <Route
              component={[Function]}
              exact={true}
              path="/"
/>,
            <Route
              component={[Function]}
              path="/video"
/>,
          ],
          "className": "App",
        },
        "ref": null,
        "rendered": Array [
          Object {
            "instance": null,
            "key": null,
            "nodeType": "class",
            "props": Object {
              "component": [Function],
              "path": "/",
            },
            "ref": null,
            "rendered": null,
            "type": [Function],
          },
          Object {
            "instance": null,
            "key": null,
            "nodeType": "class",
            "props": Object {
              "component": [Function],
              "exact": true,
              "path": "/",
            },
            "ref": null,
            "rendered": null,
            "type": [Function],
          },
          Object {
            "instance": null,
            "key": null,
            "nodeType": "class",
            "props": Object {
              "component": [Function],
              "exact": true,
              "path": "/",
            },
            "ref": null,
            "rendered": null,
            "type": [Function],
          },
          Object {
            "instance": null,
            "key": null,
            "nodeType": "class",
            "props": Object {
              "component": [Function],
              "path": "/video",
            },
            "ref": null,
            "rendered": null,
            "type": [Function],
          },
        ],
        "type": "div",
      },
      "type": [Function],
    },
  ],
  Symbol(enzyme.__options__): Object {
    "adapter": ReactSixteenAdapter {
      "options": Object {
        "enableComponentDidUpdateOnSetState": true,
      },
    },
  },
}
`;
