// Jest Snapshot v1, https://goo.gl/fbAQLP

exports[`test renders without crashing 1`] = `"{\\"_reactInternalInstance\\":\\"censored\\"}"`;
